// Vitest Snapshot v1, https://vitest.dev/guide/snapshot.html

exports[`Module Exports > should match the snapshot of module exports 1`] = `
[
  "AJAXError",
  "AttributionControl",
  "AttributionControlMLGL",
  "BoxZoomHandler",
  "BoxZoomHandlerMLGL",
  "CanvasSource",
  "CanvasSourceMLGL",
  "ColorRamp",
  "ColorRampCollection",
  "CooperativeGesturesHandler",
  "CooperativeGesturesHandlerMLGL",
  "DOMcreate",
  "DOMremove",
  "DoubleClickZoomHandler",
  "DragPanHandler",
  "DragRotateHandler",
  "EdgeInsets",
  "Evented",
  "FullscreenControl",
  "FullscreenControlMLGL",
  "GeoJSONSource",
  "GeoJSONSourceMLGL",
  "GeolocateControl",
  "GeolocateControlMLGL",
  "GeolocationType",
  "Hash",
  "ImageSource",
  "ImageSourceMLGL",
  "KeyboardHandler",
  "KeyboardHandlerMLGL",
  "Language",
  "LngLat",
  "LngLatBounds",
  "LogoControl",
  "LogoControlMLGL",
  "Map",
  "MapMLGL",
  "MapMouseEvent",
  "MapMouseEventMLGL",
  "MapStyle",
  "MapStyleVariant",
  "MapTouchEvent",
  "MapTouchEventMLGL",
  "MapWheelEvent",
  "MapWheelEventMLGL",
  "MaptilerGeolocateControl",
  "MaptilerLogoControl",
  "MaptilerNavigationControl",
  "MaptilerProjectionControl",
  "MaptilerTerrainControl",
  "Marker",
  "MarkerMLGL",
  "MercatorCoordinate",
  "NavigationControMLGL",
  "NavigationControl",
  "Point",
  "Popup",
  "PopupMLGL",
  "RasterDEMTileSource",
  "RasterDEMTileSourceMLGL",
  "RasterTileSource",
  "RasterTileSourceMLGL",
  "ReferenceMapStyle",
  "ScaleControl",
  "ScaleControlMLGL",
  "ScrollZoomHandler",
  "ScrollZoomHandlerMLGL",
  "SdkConfig",
  "ServiceError",
  "Style",
  "StyleMLGL",
  "TerrainControMLGL",
  "TerrainControl",
  "TwoFingersTouchPitchHandler",
  "TwoFingersTouchPitchHandlerMLGL",
  "TwoFingersTouchRotateHandler",
  "TwoFingersTouchZoomHandler",
  "TwoFingersTouchZoomRotateHandler",
  "VectorTileSource",
  "VectorTileSourceMLGL",
  "VideoSource",
  "VideoSourceMLGL",
  "addProtocol",
  "addSourceType",
  "areSameLanguages",
  "bufferToPixelDataBrowser",
  "circumferenceAtLatitude",
  "clearPrewarmedResources",
  "config",
  "configMLGL",
  "coordinates",
  "data",
  "displayWebGLContextLostWarning",
  "elevation",
  "expandMapStyle",
  "geocoding",
  "geolocation",
  "getAutoLanguage",
  "getBrowserLanguage",
  "getBufferToPixelDataParser",
  "getLanguageInfoFromCode",
  "getLanguageInfoFromFlag",
  "getLanguageInfoFromKey",
  "getMapLibreVersion",
  "getMaxParallelImageRequests",
  "getRTLTextPluginStatus",
  "getTileCache",
  "getVersion",
  "getWebGLSupportError",
  "getWorkerCount",
  "getWorkerUrl",
  "gpx",
  "gpxOrKml",
  "hasChildNodeWithName",
  "helpers",
  "importScriptInWorkers",
  "isLanguageInfo",
  "kml",
  "mapStylePresetList",
  "math",
  "misc",
  "prewarm",
  "removeProtocol",
  "setMaxParallelImageRequests",
  "setRTLTextPlugin",
  "setWorkerCount",
  "setWorkerUrl",
  "staticMaps",
  "str2xml",
  "styleToStyle",
  "toLanguageInfo",
  "xml2str",
]
`;
